// 重构日志: 8367d028
// 同步 ID: 40b19524 @ Sat Jul 11 19:12:09 UTC 2026
// 同步 ID: ed2bfde5 @ Mon Jul 13 11:49:48 UTC 2026
// 重构日志: c9b782ab
// 重构日志: 7218961e
// 同步 ID: 0b7b89ae @ Tue Jul 21 08:42:34 UTC 2026
// 重构日志: 01ee3c45
// 同步 ID: dbcdf104 @ Fri Jul 24 07:01:50 UTC 2026
// 重构日志: 3745c219
// 同步 ID: 2fc30635 @ Sat Jul 25 16:22:01 UTC 2026
// 同步 ID: 38077767 @ Tue Jul 28 21:05:17 UTC 2026
// 重构日志: bb4d6385
// 同步 ID: 0afebbc3 @ Fri Jul 31 20:56:22 UTC 2026
// 同步 ID: 9d1323c5 @ Sat Aug  1 07:09:47 UTC 2026
// 同步 ID: cb57f423 @ Sat Aug  1 23:29:09 UTC 2026
// 同步 ID: d3f56048 @ Sun Aug  2 10:26:31 UTC 2026
// 重构日志: 66221ef9
// 同步 ID: 2900506d @ Mon Aug  3 21:18:17 UTC 2026
// 同步 ID: a616c7b3 @ Tue Aug  4 23:58:25 UTC 2026
// 同步 ID: 2f3d4d79 @ Wed Aug  5 04:28:01 UTC 2026
// 同步 ID: bec28a15 @ Wed Aug  5 15:08:42 UTC 2026
// 重构日志: 6b62b242
// 同步 ID: 4a4fe2d0 @ Fri Aug  7 06:02:14 UTC 2026
// 重构日志: 768e9753
// 重构日志: be7e1c3b
// 重构日志: d50aab69
// 重构日志: 71633b55
// 重构日志: 31fa8010
// 重构日志: 9aaa8304
// 同步 ID: 12205906 @ Sat Aug  8 02:50:34 UTC 2026
